// Jest Snapshot v1, https://goo.gl/fbAQLP

exports[`<Main /> should render the heading 1`] = `
<main
  class="styles__Wrapper-sc-17qt5kd-0 iGnszs"
>
  <h1
    class="styles__Title-sc-17qt5kd-2 kHAIRY"
  >
    Boilerplate NextJS
  </h1>
  <h2
    class="styles__Description-sc-17qt5kd-3 ebYwLi"
  >
    TypeScript, ReactJS, NextJS e Styled Components
  </h2>
  <img
    alt="Um desenvolvedor de frente para uma tela com cÃ³digo."
    class="styles__Illustration-sc-17qt5kd-4 fKGExX"
    src="/img/hero-illustration.svg"
  />
</main>
`
